[33mCMake Warning (dev) at /usr/lib/x86_64-linux-gnu/cmake/pcl/Modules/FindFLANN.cmake:45 (find_package):
  Policy CMP0144 is not set: find_package uses upper-case <PACKAGENAME>_ROOT
  variables.  Run "cmake --help-policy CMP0144" for policy details.  Use the
  cmake_policy command to set the policy and suppress this warning.

  CMake variable FLANN_ROOT is set to:

    /usr

  For compatibility, find_package is ignoring the variable, but code in a
  .cmake module might still use it.
Call Stack (most recent call first):
  /usr/lib/x86_64-linux-gnu/cmake/pcl/PCLConfig.cmake:261 (find_package)
  /usr/lib/x86_64-linux-gnu/cmake/pcl/PCLConfig.cmake:306 (find_flann)
  /usr/lib/x86_64-linux-gnu/cmake/pcl/PCLConfig.cmake:570 (find_external_library)
  CMakeLists.txt:13 (find_package)
This warning is for project developers.  Use -Wno-dev to suppress it.
[0m
[0m** WARNING ** io features related to pcap will be disabled[0m
[0mIn this package, headers install destination is set to `include` by ament_auto_package. It is recommended to install `include/octomap_server` instead and will be the default behavior of ament_auto_package from ROS 2 Kilted Kaiju. On distributions before Kilted, ament_auto_package behaves the same way when you use USE_SCOPED_HEADER_INSTALL_DIR option.[0m
gmake[2]: *** [CMakeFiles/octomap_server_multilayer.dir/build.make:76: CMakeFiles/octomap_server_multilayer.dir/src/octomap_server.cpp.o] Interrupt
gmake[2]: *** [CMakeFiles/octomap_server_multilayer.dir/build.make:90: CMakeFiles/octomap_server_multilayer.dir/src/octomap_server_multilayer.cpp.o] Interrupt
gmake[1]: *** [CMakeFiles/Makefile2:264: CMakeFiles/octomap_server_multilayer.dir/all] Interrupt
gmake: *** [Makefile:146: all] Interrupt
