[0.006s] Invoking command in '/home/tom/ros2_workspaces/ros2_ws/src/octomap_mapping/build/octomap_server': CMAKE_PREFIX_PATH=/home/tom/ros2_workspaces/ros2_ws/install/pointcloud_saver:/home/tom/ros2_workspaces/ros2_ws/install/octomap_tugbot:/home/tom/ros2_workspaces/ros2_ws/install/octomap_mapping:/opt/ros/jazzy:/home/tom/ros2_workspaces/ros2_ws/install/octomap_server:/home/tom/ros2_workspaces/ros2_ws/install/octomap_rviz_plugins:/home/tom/ros2_workspaces/ros2_ws/install/octomap-distribution:/home/tom/ros2_workspaces/ros2_ws/install/octomap:/home/tom/ros2_workspaces/ros2_ws/install/mesher_roi:/opt/ros/jazzy/opt/gz_sim_vendor:/opt/ros/jazzy/opt/gz_sensors_vendor:/opt/ros/jazzy/opt/gz_physics_vendor:/opt/ros/jazzy/opt/sdformat_vendor:/opt/ros/jazzy/opt/gz_gui_vendor:/opt/ros/jazzy/opt/gz_transport_vendor:/opt/ros/jazzy/opt/gz_rendering_vendor:/opt/ros/jazzy/opt/gz_plugin_vendor:/opt/ros/jazzy/opt/gz_fuel_tools_vendor:/opt/ros/jazzy/opt/gz_msgs_vendor:/opt/ros/jazzy/opt/gz_common_vendor:/opt/ros/jazzy/opt/gz_math_vendor:/opt/ros/jazzy/opt/gz_utils_vendor:/opt/ros/jazzy/opt/gz_tools_vendor:/opt/ros/jazzy/opt/gz_ogre_next_vendor:/opt/ros/jazzy/opt/gz_dartsim_vendor:/opt/ros/jazzy/opt/gz_cmake_vendor DEBUGINFOD_URLS=https://debuginfod.ubuntu.com /usr/bin/cmake /home/tom/ros2_workspaces/ros2_ws/src/octomap_mapping/octomap_server -DAMENT_CMAKE_SYMLINK_INSTALL=1 -DCMAKE_INSTALL_PREFIX=/home/tom/ros2_workspaces/ros2_ws/src/octomap_mapping/install/octomap_server
[0.114s] -- The C compiler identification is GNU 13.3.0
[0.222s] -- The CXX compiler identification is GNU 13.3.0
[0.234s] -- Detecting C compiler ABI info
[0.312s] -- Detecting C compiler ABI info - done
[0.321s] -- Check for working C compiler: /usr/bin/cc - skipped
[0.321s] -- Detecting C compile features
[0.321s] -- Detecting C compile features - done
[0.331s] -- Detecting CXX compiler ABI info
[0.498s] -- Detecting CXX compiler ABI info - done
[0.513s] -- Check for working CXX compiler: /usr/bin/c++ - skipped
[0.514s] -- Detecting CXX compile features
[0.514s] -- Detecting CXX compile features - done
[0.567s] -- Found Boost: /usr/lib/x86_64-linux-gnu/cmake/Boost-1.83.0/BoostConfig.cmake (found suitable version "1.83.0", minimum required is "1.65.0") found components: system filesystem iostreams serialization 
[0.568s] [33mCMake Warning (dev) at /usr/lib/x86_64-linux-gnu/cmake/pcl/Modules/FindFLANN.cmake:45 (find_package):
[0.568s]   Policy CMP0144 is not set: find_package uses upper-case <PACKAGENAME>_ROOT
[0.568s]   variables.  Run "cmake --help-policy CMP0144" for policy details.  Use the
[0.568s]   cmake_policy command to set the policy and suppress this warning.
[0.568s] 
[0.568s]   CMake variable FLANN_ROOT is set to:
[0.568s] 
[0.568s]     /usr
[0.569s] 
[0.569s]   For compatibility, find_package is ignoring the variable, but code in a
[0.569s]   .cmake module might still use it.
[0.569s] Call Stack (most recent call first):
[0.569s]   /usr/lib/x86_64-linux-gnu/cmake/pcl/PCLConfig.cmake:261 (find_package)
[0.569s]   /usr/lib/x86_64-linux-gnu/cmake/pcl/PCLConfig.cmake:306 (find_flann)
[0.569s]   /usr/lib/x86_64-linux-gnu/cmake/pcl/PCLConfig.cmake:570 (find_external_library)
[0.569s]   CMakeLists.txt:13 (find_package)
[0.569s] This warning is for project developers.  Use -Wno-dev to suppress it.
[0.569s] [0m
[0.569s] -- Found flann version 1.9.2
[0.918s] -- Found OpenMP_CXX: -fopenmp (found version "4.5") 
[0.918s] -- Found OpenMP: TRUE (found version "4.5") found components: CXX 
[0.950s] -- Performing Test CMAKE_HAVE_LIBC_PTHREAD
[1.071s] -- Performing Test CMAKE_HAVE_LIBC_PTHREAD - Success
[1.072s] -- Found Threads: TRUE  
[1.075s] -- Found GLEW: /usr/lib/x86_64-linux-gnu/libGLEW.so  
[1.090s] -- Found OpenGL: /usr/lib/x86_64-linux-gnu/libOpenGL.so  found components: OpenGL GLX 
[1.210s] -- Found MPI_C: /usr/lib/x86_64-linux-gnu/libmpi.so (found version "3.1") 
[1.210s] -- Found MPI: TRUE (found version "3.1") found components: C 
[1.213s] -- Found JsonCpp: /usr/lib/x86_64-linux-gnu/libjsoncpp.so (found suitable version "1.9.5", minimum required is "0.7.0") 
[1.223s] -- Found ZLIB: /usr/lib/x86_64-linux-gnu/libz.so (found version "1.3")  
[1.238s] -- Found PNG: /usr/lib/x86_64-linux-gnu/libpng.so (found version "1.6.43") 
[1.252s] -- Found Eigen3: /usr/include/eigen3 (found version "3.4.0") 
[1.386s] -- Found X11: /usr/include   
[1.386s] -- Looking for XOpenDisplay in /usr/lib/x86_64-linux-gnu/libX11.so;/usr/lib/x86_64-linux-gnu/libXext.so
[1.446s] -- Looking for XOpenDisplay in /usr/lib/x86_64-linux-gnu/libX11.so;/usr/lib/x86_64-linux-gnu/libXext.so - found
[1.446s] -- Looking for gethostbyname
[1.493s] -- Looking for gethostbyname - found
[1.493s] -- Looking for connect
[1.542s] -- Looking for connect - found
[1.542s] -- Looking for remove
[1.593s] -- Looking for remove - found
[1.593s] -- Looking for shmat
[1.650s] -- Looking for shmat - found
[1.650s] -- Looking for IceConnectionNumber in ICE
[1.703s] -- Looking for IceConnectionNumber in ICE - found
[1.791s] -- Found EXPAT: /usr/lib/x86_64-linux-gnu/libexpat.so (found version "2.6.1") 
[1.793s] -- Found double-conversion: /usr/lib/x86_64-linux-gnu/libdouble-conversion.so  
[1.795s] -- Found LZ4: /usr/lib/x86_64-linux-gnu/liblz4.so (found version "1.9.4") 
[1.796s] -- Found LZMA: /usr/lib/x86_64-linux-gnu/liblzma.so (found version "5.4.5") 
[1.808s] -- Found JPEG: /usr/lib/x86_64-linux-gnu/libjpeg.so (found version "80") 
[1.821s] -- Found TIFF: /usr/lib/x86_64-linux-gnu/libtiff.so (found version "4.5.1")  
[1.823s] -- Found Freetype: /usr/lib/x86_64-linux-gnu/libfreetype.so (found version "2.13.2") 
[1.828s] -- Found utf8cpp: /usr/include/utf8cpp  
[1.882s] -- Checking for module 'libusb-1.0'
[1.891s] --   Found libusb-1.0, version 1.0.27
[1.913s] -- Found libusb: /usr/lib/x86_64-linux-gnu/libusb-1.0.so  
[1.914s] -- Found OpenNI: /usr/lib/libOpenNI.so;libusb::libusb (found version "1.5.4.0") 
[1.914s] -- OpenNI found (version: 1.5.4.0, include: /usr/include/ni, lib: /usr/lib/libOpenNI.so;libusb::libusb)
[1.953s] -- Found OpenNI2: /usr/lib/x86_64-linux-gnu/libOpenNI2.so;libusb::libusb (found version "2.2.0.33") 
[1.953s] -- OpenNI2 found (version: 2.2.0.33, include: /usr/include/openni2, lib: /usr/lib/x86_64-linux-gnu/libOpenNI2.so;libusb::libusb)
[1.956s] -- Could NOT find Pcap (missing: PCAP_LIBRARIES PCAP_INCLUDE_DIRS) 
[1.956s] [0m** WARNING ** io features related to pcap will be disabled[0m
[2.247s] -- OpenNI found (version: 1.5.4.0, include: /usr/include/ni, lib: /usr/lib/libOpenNI.so;libusb::libusb)
[2.252s] -- OpenNI2 found (version: 2.2.0.33, include: /usr/include/openni2, lib: /usr/lib/x86_64-linux-gnu/libOpenNI2.so;libusb::libusb)
[2.518s] -- Found Qhull version 8.0.2
[2.789s] -- OpenNI found (version: 1.5.4.0, include: /usr/include/ni, lib: /usr/lib/libOpenNI.so;libusb::libusb)
[3.042s] -- looking for PCL_COMMON
[3.043s] -- Found PCL_COMMON: /usr/lib/x86_64-linux-gnu/libpcl_common.so  
[3.043s] -- looking for PCL_KDTREE
[3.043s] -- Found PCL_KDTREE: /usr/lib/x86_64-linux-gnu/libpcl_kdtree.so  
[3.044s] -- looking for PCL_OCTREE
[3.044s] -- Found PCL_OCTREE: /usr/lib/x86_64-linux-gnu/libpcl_octree.so  
[3.044s] -- looking for PCL_SEARCH
[3.045s] -- Found PCL_SEARCH: /usr/lib/x86_64-linux-gnu/libpcl_search.so  
[3.045s] -- looking for PCL_SAMPLE_CONSENSUS
[3.046s] -- Found PCL_SAMPLE_CONSENSUS: /usr/lib/x86_64-linux-gnu/libpcl_sample_consensus.so  
[3.046s] -- looking for PCL_FILTERS
[3.047s] -- Found PCL_FILTERS: /usr/lib/x86_64-linux-gnu/libpcl_filters.so  
[3.047s] -- looking for PCL_2D
[3.047s] -- Found PCL_2D: /usr/include/pcl-1.14  
[3.047s] -- looking for PCL_GEOMETRY
[3.047s] -- Found PCL_GEOMETRY: /usr/include/pcl-1.14  
[3.047s] -- looking for PCL_IO
[3.048s] -- Found PCL_IO: /usr/lib/x86_64-linux-gnu/libpcl_io.so  
[3.048s] -- looking for PCL_FEATURES
[3.048s] -- Found PCL_FEATURES: /usr/lib/x86_64-linux-gnu/libpcl_features.so  
[3.048s] -- looking for PCL_ML
[3.049s] -- Found PCL_ML: /usr/lib/x86_64-linux-gnu/libpcl_ml.so  
[3.049s] -- looking for PCL_SEGMENTATION
[3.050s] -- Found PCL_SEGMENTATION: /usr/lib/x86_64-linux-gnu/libpcl_segmentation.so  
[3.050s] -- looking for PCL_VISUALIZATION
[3.051s] -- Found PCL_VISUALIZATION: /usr/lib/x86_64-linux-gnu/libpcl_visualization.so  
[3.051s] -- looking for PCL_SURFACE
[3.051s] -- Found PCL_SURFACE: /usr/lib/x86_64-linux-gnu/libpcl_surface.so  
[3.051s] -- looking for PCL_REGISTRATION
[3.052s] -- Found PCL_REGISTRATION: /usr/lib/x86_64-linux-gnu/libpcl_registration.so  
[3.052s] -- looking for PCL_KEYPOINTS
[3.053s] -- Found PCL_KEYPOINTS: /usr/lib/x86_64-linux-gnu/libpcl_keypoints.so  
[3.053s] -- looking for PCL_TRACKING
[3.054s] -- Found PCL_TRACKING: /usr/lib/x86_64-linux-gnu/libpcl_tracking.so  
[3.054s] -- looking for PCL_RECOGNITION
[3.054s] -- Found PCL_RECOGNITION: /usr/lib/x86_64-linux-gnu/libpcl_recognition.so  
[3.054s] -- looking for PCL_STEREO
[3.055s] -- Found PCL_STEREO: /usr/lib/x86_64-linux-gnu/libpcl_stereo.so  
[3.055s] -- looking for PCL_APPS
[3.056s] -- Found PCL_APPS: /usr/lib/x86_64-linux-gnu/libpcl_apps.so  
[3.056s] -- looking for PCL_IN_HAND_SCANNER
[3.056s] -- Found PCL_IN_HAND_SCANNER: /usr/include/pcl-1.14  
[3.056s] -- looking for PCL_MODELER
[3.056s] -- Found PCL_MODELER: /usr/include/pcl-1.14  
[3.056s] -- looking for PCL_POINT_CLOUD_EDITOR
[3.057s] -- Found PCL_POINT_CLOUD_EDITOR: /usr/include/pcl-1.14  
[3.057s] -- looking for PCL_OUTOFCORE
[3.057s] -- Found PCL_OUTOFCORE: /usr/lib/x86_64-linux-gnu/libpcl_outofcore.so  
[3.057s] -- looking for PCL_PEOPLE
[3.058s] -- Found PCL_PEOPLE: /usr/lib/x86_64-linux-gnu/libpcl_people.so  
[3.059s] -- Found PCL: pcl_common;pcl_kdtree;pcl_octree;pcl_search;pcl_sample_consensus;pcl_filters;pcl_io;pcl_features;pcl_ml;pcl_segmentation;pcl_visualization;pcl_surface;pcl_registration;pcl_keypoints;pcl_tracking;pcl_recognition;pcl_stereo;pcl_apps;pcl_outofcore;pcl_people;Boost::system;Boost::filesystem;Boost::iostreams;Boost::serialization;/usr/lib/libOpenNI.so;libusb::libusb;/usr/lib/x86_64-linux-gnu/libOpenNI2.so;libusb::libusb;VTK::ChartsCore;VTK::CommonColor;VTK::CommonComputationalGeometry;VTK::CommonCore;VTK::CommonDataModel;VTK::CommonExecutionModel;VTK::CommonMath;VTK::CommonMisc;VTK::CommonTransforms;VTK::FiltersCore;VTK::FiltersExtraction;VTK::FiltersGeneral;VTK::FiltersGeometry;VTK::FiltersModeling;VTK::FiltersSources;VTK::ImagingCore;VTK::ImagingSources;VTK::InteractionImage;VTK::InteractionStyle;VTK::InteractionWidgets;VTK::IOCore;VTK::IOGeometry;VTK::IOImage;VTK::IOLegacy;VTK::IOPLY;VTK::RenderingAnnotation;VTK::RenderingCore;VTK::RenderingContext2D;VTK::RenderingLOD;VTK::RenderingFreeType;VTK::ViewsCore;VTK::ViewsContext2D;VTK::RenderingOpenGL2;VTK::RenderingContextOpenGL2;VTK::GUISupportQt;FLANN::FLANN;QHULL::QHULL  
[3.060s] -- Found ament_cmake_auto: 2.5.4 (/opt/ros/jazzy/share/ament_cmake_auto/cmake)
[3.151s] -- Found Python3: /usr/bin/python3 (found version "3.12.3") found components: Interpreter 
[3.200s] -- Override CMake install command with custom implementation using symlinks instead of copying resources
[3.295s] -- Found rosidl_generator_c: 4.6.5 (/opt/ros/jazzy/share/rosidl_generator_c/cmake)
[3.305s] -- Found rosidl_generator_cpp: 4.6.5 (/opt/ros/jazzy/share/rosidl_generator_cpp/cmake)
[3.317s] -- Using all available rosidl_typesupport_c: rosidl_typesupport_fastrtps_c;rosidl_typesupport_introspection_c
[3.334s] -- Using all available rosidl_typesupport_cpp: rosidl_typesupport_fastrtps_cpp;rosidl_typesupport_introspection_cpp
[3.481s] -- Found rmw_implementation_cmake: 7.3.2 (/opt/ros/jazzy/share/rmw_implementation_cmake/cmake)
[3.483s] -- Found rmw_fastrtps_cpp: 8.4.2 (/opt/ros/jazzy/share/rmw_fastrtps_cpp/cmake)
[3.546s] -- Found OpenSSL: /usr/lib/x86_64-linux-gnu/libcrypto.so (found version "3.0.13")  
[3.558s] -- Found FastRTPS: /opt/ros/jazzy/include (Required is at least version "2.13") 
[3.574s] -- Using RMW implementation 'rmw_fastrtps_cpp' as default
[3.803s] -- Found eigen3_cmake_module: 0.3.0 (/opt/ros/jazzy/share/eigen3_cmake_module/cmake)
[3.804s] -- Found Eigen3: TRUE (found version "3.4.0") 
[3.804s] -- Ensuring Eigen3 include directory is part of orocos-kdl CMake target
[3.912s] -- Found ament_lint_auto: 0.17.2 (/opt/ros/jazzy/share/ament_lint_auto/cmake)
[3.923s] [0mIn this package, headers install destination is set to `include` by ament_auto_package. It is recommended to install `include/octomap_server` instead and will be the default behavior of ament_auto_package from ROS 2 Kilted Kaiju. On distributions before Kilted, ament_auto_package behaves the same way when you use USE_SCOPED_HEADER_INSTALL_DIR option.[0m
[3.927s] -- Added test 'copyright' to check source files copyright and LICENSE
[3.928s] -- Added test 'cppcheck' to perform static code analysis on C / C++ code
[3.929s] -- Configured cppcheck include dirs: /home/tom/ros2_workspaces/ros2_ws/src/octomap_mapping/octomap_server/include
[3.929s] -- Configured cppcheck exclude dirs and/or files: 
[3.930s] -- Added test 'cpplint' to check C / C++ code against the Google style
[3.930s] -- Configured cpplint exclude dirs and/or files: 
[3.930s] -- Added test 'flake8' to check Python code syntax and style conventions
[3.930s] -- Configured 'flake8' exclude dirs and/or files: 
[3.931s] -- Added test 'lint_cmake' to check CMake code style
[3.931s] -- Added test 'pep257' to check Python code against some of the docstring style conventions in PEP 257
[3.932s] -- Added test 'uncrustify' to check C / C++ code style
[3.932s] -- Configured uncrustify additional arguments: 
[3.932s] -- Added test 'xmllint' to check XML markup files
[3.935s] -- Configuring done (3.9s)
[4.143s] -- Generating done (0.2s)
[4.160s] -- Build files have been written to: /home/tom/ros2_workspaces/ros2_ws/src/octomap_mapping/build/octomap_server
[4.171s] Invoked command in '/home/tom/ros2_workspaces/ros2_ws/src/octomap_mapping/build/octomap_server' returned '0': CMAKE_PREFIX_PATH=/home/tom/ros2_workspaces/ros2_ws/install/pointcloud_saver:/home/tom/ros2_workspaces/ros2_ws/install/octomap_tugbot:/home/tom/ros2_workspaces/ros2_ws/install/octomap_mapping:/opt/ros/jazzy:/home/tom/ros2_workspaces/ros2_ws/install/octomap_server:/home/tom/ros2_workspaces/ros2_ws/install/octomap_rviz_plugins:/home/tom/ros2_workspaces/ros2_ws/install/octomap-distribution:/home/tom/ros2_workspaces/ros2_ws/install/octomap:/home/tom/ros2_workspaces/ros2_ws/install/mesher_roi:/opt/ros/jazzy/opt/gz_sim_vendor:/opt/ros/jazzy/opt/gz_sensors_vendor:/opt/ros/jazzy/opt/gz_physics_vendor:/opt/ros/jazzy/opt/sdformat_vendor:/opt/ros/jazzy/opt/gz_gui_vendor:/opt/ros/jazzy/opt/gz_transport_vendor:/opt/ros/jazzy/opt/gz_rendering_vendor:/opt/ros/jazzy/opt/gz_plugin_vendor:/opt/ros/jazzy/opt/gz_fuel_tools_vendor:/opt/ros/jazzy/opt/gz_msgs_vendor:/opt/ros/jazzy/opt/gz_common_vendor:/opt/ros/jazzy/opt/gz_math_vendor:/opt/ros/jazzy/opt/gz_utils_vendor:/opt/ros/jazzy/opt/gz_tools_vendor:/opt/ros/jazzy/opt/gz_ogre_next_vendor:/opt/ros/jazzy/opt/gz_dartsim_vendor:/opt/ros/jazzy/opt/gz_cmake_vendor DEBUGINFOD_URLS=https://debuginfod.ubuntu.com /usr/bin/cmake /home/tom/ros2_workspaces/ros2_ws/src/octomap_mapping/octomap_server -DAMENT_CMAKE_SYMLINK_INSTALL=1 -DCMAKE_INSTALL_PREFIX=/home/tom/ros2_workspaces/ros2_ws/src/octomap_mapping/install/octomap_server
[4.172s] Invoking command in '/home/tom/ros2_workspaces/ros2_ws/src/octomap_mapping/build/octomap_server': CMAKE_PREFIX_PATH=/home/tom/ros2_workspaces/ros2_ws/install/pointcloud_saver:/home/tom/ros2_workspaces/ros2_ws/install/octomap_tugbot:/home/tom/ros2_workspaces/ros2_ws/install/octomap_mapping:/opt/ros/jazzy:/home/tom/ros2_workspaces/ros2_ws/install/octomap_server:/home/tom/ros2_workspaces/ros2_ws/install/octomap_rviz_plugins:/home/tom/ros2_workspaces/ros2_ws/install/octomap-distribution:/home/tom/ros2_workspaces/ros2_ws/install/octomap:/home/tom/ros2_workspaces/ros2_ws/install/mesher_roi:/opt/ros/jazzy/opt/gz_sim_vendor:/opt/ros/jazzy/opt/gz_sensors_vendor:/opt/ros/jazzy/opt/gz_physics_vendor:/opt/ros/jazzy/opt/sdformat_vendor:/opt/ros/jazzy/opt/gz_gui_vendor:/opt/ros/jazzy/opt/gz_transport_vendor:/opt/ros/jazzy/opt/gz_rendering_vendor:/opt/ros/jazzy/opt/gz_plugin_vendor:/opt/ros/jazzy/opt/gz_fuel_tools_vendor:/opt/ros/jazzy/opt/gz_msgs_vendor:/opt/ros/jazzy/opt/gz_common_vendor:/opt/ros/jazzy/opt/gz_math_vendor:/opt/ros/jazzy/opt/gz_utils_vendor:/opt/ros/jazzy/opt/gz_tools_vendor:/opt/ros/jazzy/opt/gz_ogre_next_vendor:/opt/ros/jazzy/opt/gz_dartsim_vendor:/opt/ros/jazzy/opt/gz_cmake_vendor DEBUGINFOD_URLS=https://debuginfod.ubuntu.com /usr/bin/cmake --build /home/tom/ros2_workspaces/ros2_ws/src/octomap_mapping/build/octomap_server -- -j24 -l24
[4.256s] [  3%] [32mBuilding CXX object CMakeFiles/custom_octomap_server_node.dir/rclcpp_components/node_main_custom_octomap_server_node.cpp.o[0m
[4.256s] [ 11%] [32mBuilding CXX object CMakeFiles/octomap_server_static_node.dir/rclcpp_components/node_main_octomap_server_static_node.cpp.o[0m
[4.256s] [ 11%] [32mBuilding CXX object CMakeFiles/tracking_octomap_server_node.dir/rclcpp_components/node_main_tracking_octomap_server_node.cpp.o[0m
[4.258s] [ 15%] [32mBuilding CXX object CMakeFiles/color_octomap_server_node.dir/rclcpp_components/node_main_color_octomap_server_node.cpp.o[0m
[4.258s] [ 23%] [32mBuilding CXX object CMakeFiles/octomap_saver_node.dir/rclcpp_components/node_main_octomap_saver_node.cpp.o[0m
[4.258s] [ 23%] [32mBuilding CXX object CMakeFiles/octomap_server_static.dir/src/octomap_server_static.cpp.o[0m
[4.261s] [ 26%] [32mBuilding CXX object CMakeFiles/octomap_server_multilayer_node.dir/rclcpp_components/node_main_octomap_server_multilayer_node.cpp.o[0m
[5.895s] [ 30%] [32m[1mLinking CXX executable custom_octomap_server_node[0m
[5.906s] [ 34%] [32m[1mLinking CXX executable tracking_octomap_server_node[0m
[5.912s] [ 38%] [32m[1mLinking CXX executable color_octomap_server_node[0m
[5.975s] [ 42%] [32m[1mLinking CXX executable octomap_server_multilayer_node[0m
[5.976s] [ 42%] Built target tracking_octomap_server_node
[5.978s] [ 42%] Built target custom_octomap_server_node
[5.987s] [ 42%] Built target color_octomap_server_node
[6.040s] [ 46%] [32m[1mLinking CXX executable octomap_saver_node[0m
[6.040s] [ 46%] Built target octomap_server_multilayer_node
[6.101s] [ 46%] Built target octomap_saver_node
[6.116s] [ 50%] [32m[1mLinking CXX executable octomap_server_static_node[0m
[6.178s] [ 50%] Built target octomap_server_static_node
[6.429s] [ 53%] [32m[1mLinking CXX shared library liboctomap_server_static.so[0m
[6.771s] [ 53%] Built target octomap_server_static
[6.785s] [ 57%] [32mBuilding CXX object CMakeFiles/octomap_server.dir/src/octomap_server.cpp.o[0m
[16.648s] [ 61%] [32m[1mLinking CXX shared library liboctomap_server.so[0m
[17.879s] [ 61%] Built target octomap_server
[17.892s] [ 65%] [32mBuilding CXX object CMakeFiles/octomap_server_multilayer.dir/src/octomap_server.cpp.o[0m
[17.895s] [ 69%] [32mBuilding CXX object CMakeFiles/octomap_server_multilayer.dir/src/octomap_server_multilayer.cpp.o[0m
[23.242s] gmake[2]: *** [CMakeFiles/octomap_server_multilayer.dir/build.make:76: CMakeFiles/octomap_server_multilayer.dir/src/octomap_server.cpp.o] Interrupt
[23.242s] gmake[2]: *** [CMakeFiles/octomap_server_multilayer.dir/build.make:90: CMakeFiles/octomap_server_multilayer.dir/src/octomap_server_multilayer.cpp.o] Interrupt
[23.242s] gmake[1]: *** [CMakeFiles/Makefile2:264: CMakeFiles/octomap_server_multilayer.dir/all] Interrupt
[23.242s] gmake: *** [Makefile:146: all] Interrupt
[23.278s] Invoked command in '/home/tom/ros2_workspaces/ros2_ws/src/octomap_mapping/build/octomap_server' returned '-2': CMAKE_PREFIX_PATH=/home/tom/ros2_workspaces/ros2_ws/install/pointcloud_saver:/home/tom/ros2_workspaces/ros2_ws/install/octomap_tugbot:/home/tom/ros2_workspaces/ros2_ws/install/octomap_mapping:/opt/ros/jazzy:/home/tom/ros2_workspaces/ros2_ws/install/octomap_server:/home/tom/ros2_workspaces/ros2_ws/install/octomap_rviz_plugins:/home/tom/ros2_workspaces/ros2_ws/install/octomap-distribution:/home/tom/ros2_workspaces/ros2_ws/install/octomap:/home/tom/ros2_workspaces/ros2_ws/install/mesher_roi:/opt/ros/jazzy/opt/gz_sim_vendor:/opt/ros/jazzy/opt/gz_sensors_vendor:/opt/ros/jazzy/opt/gz_physics_vendor:/opt/ros/jazzy/opt/sdformat_vendor:/opt/ros/jazzy/opt/gz_gui_vendor:/opt/ros/jazzy/opt/gz_transport_vendor:/opt/ros/jazzy/opt/gz_rendering_vendor:/opt/ros/jazzy/opt/gz_plugin_vendor:/opt/ros/jazzy/opt/gz_fuel_tools_vendor:/opt/ros/jazzy/opt/gz_msgs_vendor:/opt/ros/jazzy/opt/gz_common_vendor:/opt/ros/jazzy/opt/gz_math_vendor:/opt/ros/jazzy/opt/gz_utils_vendor:/opt/ros/jazzy/opt/gz_tools_vendor:/opt/ros/jazzy/opt/gz_ogre_next_vendor:/opt/ros/jazzy/opt/gz_dartsim_vendor:/opt/ros/jazzy/opt/gz_cmake_vendor DEBUGINFOD_URLS=https://debuginfod.ubuntu.com /usr/bin/cmake --build /home/tom/ros2_workspaces/ros2_ws/src/octomap_mapping/build/octomap_server -- -j24 -l24
